[backblue.gif]
[fade.gif]
[index.html]
[localhost/mynewsite/feed/index.html]
[localhost/mynewsite/comments/feed/index.html]
[localhost/mynewsite/wp-includes/js/jquery/jqueryb8ff.js]
[localhost/mynewsite/wp-includes/js/jquery/jquery-migrate.min330a.js]
[localhost/mynewsite/wp-content/plugins/reviewer/public/assets/js/jquery.nouislider.all.minaf6c.js]
[localhost/mynewsite/wp-content/plugins/reviewer/public/assets/js/jquery.knobaf6c.js]
[localhost/mynewsite/wp-content/plugins/reviewer/public/assets/js/reviewer.public.minaf6c.js]
[localhost/mynewsite/wp-content/plugins/theme-my-login/modules/themed-profiles/themed-profiles4a41.js]
[localhost/mynewsite/wp-content/themes/areview/js/jquery.nicescroll.min68b3.js]
[localhost/mynewsite/wp-content/themes/areview/js/nicescroll-init68b3.js]
[localhost/mynewsite/wp-content/themes/areview/js/scripts68b3.js]
[localhost/mynewsite/wp-content/themes/areview/js/jquery.fitvids68b3.js]
[localhost/mynewsite/wp-content/plugins/rich-reviews/js/rich-reviews.min4a41.js]
[localhost/mynewsite/xmlrpc0db0.php]
[localhost/mynewsite/wp-json/index.html]
[localhost/mynewsite/wp-includes/wlwmanifest.xml]
[localhost/mynewsite/wp-json/oembed/1.0/embeda2c6.json]
[localhost/mynewsite/wp-json/oembed/1.0/embedac88]
[localhost/mynewsite/wp-content/uploads/2017/09/Vreviewspriceless.png]
[localhost/mynewsite/wp-content/uploads/2017/09/creview-300x247.jpg]
[localhost/mynewsite/wp-content/uploads/2017/09/uploadimage-300x200.1f.delayed]
[localhost/mynewsite/wp-content/uploads/2017/09/login_banner-300x197.jpg]
[localhost/mynewsite/wp-content/plugins/contact-form-7/includes/js/scripts33a6.js]
[cdnjs.cloudflare.com/ajax/libs/animate.css/3.4.0/animate.mined19.css]
[localhost/mynewsite/wp-content/themes/areview/js/navigation11a8.js]
[localhost/mynewsite/wp-content/themes/areview/js/skip-link-focus-fix08e0.js]
[localhost/mynewsite/wp-includes/js/wp-embed.min4a41.js]
[localhost/mynewsite/wp-content/plugins/popup-by-supsystic/js/commoned19.js]
[localhost/mynewsite/wp-content/plugins/popup-by-supsystic/js/coreed19.js]
[localhost/mynewsite/wp-content/plugins/popup-by-supsystic/modules/popup/js/frontend.popuped19.js]
[localhost/mynewsite/index.html]
[localhost/mynewsite/xmlrpc.php]
[localhost/mynewsite/wp-content/plugins/tablapad-master/css/tablapad-styles4a41.css]
[localhost/mynewsite/wp-content/plugins/theme-my-login/theme-my-login109c.css]
[localhost/mynewsite/wp-includes/fonts/dashicons.eot]
[localhost/mynewsite/wp-includes/css/dashicons.min4a41.css]
[localhost/mynewsite/wp-content/plugins/menu-icons/includes/library/icon-picker/css/types/fontawesome-webfont914c.eot]
[localhost/mynewsite/wp-content/plugins/menu-icons/includes/library/icon-picker/css/types/fontawesome-webfontd41d.eot]
[localhost/mynewsite/wp-content/plugins/menu-icons/includes/library/icon-picker/css/types/fontawesome-webfont914c.woff]
[localhost/mynewsite/wp-content/plugins/menu-icons/includes/library/icon-picker/css/types/fontawesome-webfont914c.ttf]
[localhost/mynewsite/wp-content/plugins/menu-icons/includes/library/icon-picker/css/types/font-awesome.min1c9b.css]
[localhost/mynewsite/wp-content/plugins/menu-icons/css/extra.mincf86.css]
[localhost/mynewsite/wp-content/plugins/contact-form-7/images/ajax-loader.gif]
[localhost/mynewsite/wp-content/plugins/contact-form-7/includes/css/styles33a6.css]
[localhost/mynewsite/wp-content/plugins/reviewer/public/assets/css/jquery.nouislideraf6c.css]
[localhost/mynewsite/wp-content/plugins/reviewer/public/assets/images/rwp-like.png]
[localhost/mynewsite/wp-content/plugins/reviewer/public/assets/images/loader-2.gif]
[localhost/mynewsite/wp-content/plugins/reviewer/public/assets/images/refresh.png]
[localhost/mynewsite/wp-content/plugins/reviewer/public/assets/images/rating-star.png]
[localhost/mynewsite/wp-content/plugins/reviewer/public/assets/css/themes-reviewsaf6c.css]
[localhost/mynewsite/wp-content/plugins/reviewer/public/assets/css/themes-tablesaf6c.css]
[localhost/mynewsite/wp-content/themes/areview/bootstrap/bootstrap.min68b3.css]
[localhost/mynewsite/wp-content/themes/areview/pattern.png]
[localhost/mynewsite/wp-content/themes/areview/style4a41.css]
[localhost/mynewsite/wp-content/themes/areview/fonts/fontawesome-webfont3e6e.eot]
[localhost/mynewsite/wp-content/themes/areview/fonts/fontawesome-webfontd41d.eot]
[localhost/mynewsite/wp-content/themes/areview/fonts/fontawesome-webfont3e6e.woff]
[localhost/mynewsite/wp-content/themes/areview/fonts/fontawesome-webfont3e6e.ttf]
[localhost/mynewsite/wp-content/themes/areview/fonts/font-awesome.min4a41.css]
[localhost/mynewsite/wp-content/plugins/rich-reviews/fonts/glyphicons-halflings-regular.eot]
[localhost/mynewsite/wp-content/plugins/rich-reviews/fonts/glyphicons-halflings-regulard41d.eot]
[localhost/mynewsite/wp-content/plugins/rich-reviews/fonts/glyphicons-halflings-regular.woff]
[localhost/mynewsite/wp-content/plugins/rich-reviews/fonts/glyphicons-halflings-regular.ttf]
[localhost/mynewsite/wp-content/plugins/rich-reviews/css/rich-reviews4a41.css]
[localhost/mynewsite/wp-json/oembed/1.0/embedb31f.json]
[localhost/mynewsite/wp-json/oembed/1.0/embed46dc]
[localhost/mynewsite/test-submit/index.html]
[localhost/mynewsite/wp-json/oembed/1.0/embed77bc.json]
[localhost/mynewsite/wp-json/oembed/1.0/embed8a85]
[localhost/mynewsite/wp-content/uploads/2017/09/lenovo_a7000_home_screen.jpg]
[localhost/mynewsite/wp-content/uploads/2017/09/lenovo-a6000-2.jpg]
[localhost/mynewsite/wp-content/uploads/2017/09/moto_g5s_plus_story2_1501655960404.jpg]
[localhost/mynewsite/wp-content/uploads/2017/09/315201740806PM_635_moto_g5_plus.jpg]
[localhost/mynewsite/wp-content/uploads/2017/10/a91d0761917f4db4f065eb062ad12663f7a41197.jpg]
[localhost/mynewsite/wp-content/uploads/2017/10/0fd541280f97b56f91d324e6df34ca5da57e820f-1-e1507292646528.jpg]
[localhost/mynewsite/wp-content/uploads/2017/10/32563469bfb8b1c48b4f747dfc188d8c5e230452-1.jpg]
[localhost/mynewsite/wp-content/uploads/2017/09/414BGQy9UBL._SL500_AC_SS350_.jpg]
[localhost/mynewsite/wp-content/uploads/2017/09/hplaptops.jpg]
[localhost/mynewsite/wp-content/uploads/2017/09/lg-tv.jpg]
[localhost/mynewsite/wp-content/plugins/ml-slider/assets/sliders/flexslider/jquery.flexslider-min9d52.js]
[localhost/mynewsite/wp-content/plugins/ml-slider/assets/easing/jQuery.easing.min9d52.js]
[localhost/mynewsite/recent-reviews/index.html]
[localhost/mynewsite/wp-json/oembed/1.0/embed53e3.json]
[localhost/mynewsite/wp-json/oembed/1.0/embed84bd]
[localhost/mynewsite/wp-content/plugins/visual-form-builder/js/jquery.validate.min8162.js]
[localhost/mynewsite/wp-content/plugins/visual-form-builder/js/vfb-validation.min8cb7.js]
[localhost/mynewsite/wp-content/plugins/visual-form-builder/js/jquery.metadatad5f7.js]
[localhost/mynewsite/wp-content/plugins/visual-form-builder/js/i18n/validate/messages-en_US8162.js]
[localhost/mynewsite/wp-content/plugins/popup-by-supsystic/modules/popup/js/frontend.dummy.popuped19.js]
[localhost/mynewsite/lets-reviews/index.html]
[localhost/mynewsite/wp-json/oembed/1.0/embed393a.json]
[localhost/mynewsite/wp-json/oembed/1.0/embedb675]
[localhost/mynewsite/login/index.html]
[localhost/mynewsite/wp-admin/load-scriptsd45e.php]
[localhost/mynewsite/resetpass/index.html]
[localhost/mynewsite/wp-admin/load-scripts61be.php]
[localhost/mynewsite/wp-json/oembed/1.0/embed2971.json]
[localhost/mynewsite/wp-json/oembed/1.0/embedc73c]
[localhost/mynewsite/lostpassword/index.html]
[localhost/mynewsite/wp-json/oembed/1.0/embedfd7d.json]
[localhost/mynewsite/wp-json/oembed/1.0/embed4322]
[localhost/mynewsite/wp-admin/load-scriptsdae9.php]
[localhost/mynewsite/wp-content/plugins/elementor/assets/lib/dialog/dialog.mine1e3.js]
[localhost/mynewsite/wp-content/plugins/elementor/assets/lib/waypoints/waypoints.min05da.js]
[localhost/mynewsite/wp-content/plugins/elementor/assets/lib/swiper/swiper.jquery.minccfb.js]
[localhost/mynewsite/wp-content/plugins/elementor/assets/js/frontend.minba3a.js]
[localhost/mynewsite/register/index.html]
[localhost/mynewsite/wp-content/plugins/popup-by-supsystic/modules/popup/css/frontend.popuped19.css]
[cdnjs.cloudflare.com/ajax/libs/animate.css/3.4.0/animate.mined19.css]
[localhost/mynewsite/wp-content/plugins/menu-icons/includes/library/icon-picker/css/types/fontawesome-webfont914c.html]
[localhost/mynewsite/wp-content/plugins/menu-icons/includes/library/icon-picker/css/types/fontawesome-webfont914c.svg]
[localhost/mynewsite/wp-content/themes/areview/fonts/fontawesome-webfont3e6e.html]
[localhost/mynewsite/wp-content/themes/areview/fonts/fontawesome-webfont3e6e.svg]
[localhost/mynewsite/wp-content/plugins/rich-reviews/fonts/glyphicons-halflings-regular.svg]
[localhost/mynewsite/index85b3.html]
[localhost/mynewsite/index9fa1.html]
[localhost/mynewsite/wp-json/oembed/1.0/embedcf59.json]
[localhost/mynewsite/wp-json/oembed/1.0/embeddbe7]
[localhost/mynewsite/wp-content/uploads/2017/09/lenovo_a7000_home_screen-300x225.jpg]
[localhost/mynewsite/lenovo-a7000/index.html]
[localhost/mynewsite/wp-json/oembed/1.0/embed52be.json]
[localhost/mynewsite/wp-json/oembed/1.0/embed470c]
[localhost/mynewsite/wp-content/uploads/2017/09/lenovo-a6000-2-300x225.jpg]
[localhost/mynewsite/lenovoa6000/index.html]
[localhost/mynewsite/wp-json/oembed/1.0/embedc202.json]
[localhost/mynewsite/wp-json/oembed/1.0/embed971d]
[localhost/mynewsite/wp-content/uploads/2017/09/moto_g5s_plus_story2_1501655960404-300x169.jpg]
[localhost/mynewsite/moto_g5s/index.html]
[localhost/mynewsite/wp-json/oembed/1.0/embed251f.json]
[localhost/mynewsite/wp-json/oembed/1.0/embed5c82]
[localhost/mynewsite/wp-content/uploads/2017/09/315201740806PM_635_moto_g5_plus-300x225.jpg]
[localhost/mynewsite/515-2/index.html]
[localhost/mynewsite/wp-json/oembed/1.0/embedc04d.json]
[localhost/mynewsite/wp-json/oembed/1.0/embed6c35]
[localhost/mynewsite/wp-content/uploads/2017/10/a91d0761917f4db4f065eb062ad12663f7a41197-300x172.jpg]
[localhost/mynewsite/sony-xperia-z5/index.html]
[localhost/mynewsite/wp-json/oembed/1.0/embed996c.json]
[localhost/mynewsite/wp-json/oembed/1.0/embed6fdb]
[localhost/mynewsite/wp-content/uploads/2017/10/0fd541280f97b56f91d324e6df34ca5da57e820f-300x172.jpg]
[localhost/mynewsite/wp-content/uploads/2017/10/0fd541280f97b56f91d324e6df34ca5da57e820f.jpg]
[localhost/mynewsite/coolpad-cool-play-6/index.html]
[localhost/mynewsite/wp-json/oembed/1.0/embed5558.json]
[localhost/mynewsite/wp-json/oembed/1.0/embed1f20]
[localhost/mynewsite/wp-content/uploads/2017/10/32563469bfb8b1c48b4f747dfc188d8c5e230452-300x172.jpg]
[localhost/mynewsite/wp-content/uploads/2017/10/32563469bfb8b1c48b4f747dfc188d8c5e230452.jpg]
[localhost/mynewsite/samsung-galaxy-on-max/index.html]
[localhost/mynewsite/wp-json/oembed/1.0/embedf560.json]
[localhost/mynewsite/wp-json/oembed/1.0/embed7f1e]
[localhost/mynewsite/lenovog500/index.html]
[localhost/mynewsite/wp-content/uploads/2017/09/414BGQy9UBL._SL500_AC_SS350_-300x300.jpg]
[localhost/mynewsite/wp-json/oembed/1.0/embedcbc1.json]
[localhost/mynewsite/wp-json/oembed/1.0/embed9799]
[localhost/mynewsite/hp-laptop/index.html]
[localhost/mynewsite/wp-content/uploads/2017/09/hplaptops-300x300.jpg]
[localhost/mynewsite/wp-json/oembed/1.0/embed5f73.json]
[localhost/mynewsite/wp-json/oembed/1.0/embedb27a]
[localhost/mynewsite/lg-smart-tv/index.html]
[localhost/mynewsite/wp-content/plugins/ml-slider/assets/sliders/flexslider/bg_direction_nav.png]
[localhost/mynewsite/wp-content/plugins/ml-slider/assets/sliders/flexslider/flexslider9d52.css]
[localhost/mynewsite/wp-content/plugins/ml-slider/assets/metaslider/public9d52.css]
[localhost/mynewsite/wp-content/plugins/visual-form-builder/css/visual-form-builder.min8cb7.css]
[localhost/mynewsite/wp-content/plugins/visual-form-builder/css/smoothness/jquery-ui-1.10.3.min5102.css]
[localhost/mynewsite/index8a71.html]
[localhost/mynewsite/login/indexc2b6.html]
[localhost/mynewsite/indexc807.html]
[localhost/mynewsite/wp-admin/index.html]
[localhost/mynewsite/lostpassword/indexe3f7.html]
[localhost/mynewsite/index03bd.html]
[localhost/mynewsite/login/index48e8.html]
[localhost/mynewsite/wp-content/plugins/elementor/assets/lib/eicons/fonts/eiconse9aa.eot]
[localhost/mynewsite/wp-content/plugins/elementor/assets/lib/eicons/fonts/eiconse9aa.woff]
[localhost/mynewsite/wp-content/plugins/elementor/assets/lib/eicons/fonts/eiconse9aa.ttf]
[localhost/mynewsite/wp-content/plugins/elementor/assets/lib/eicons/css/elementor-icons.minba3a.css]
[localhost/mynewsite/wp-content/plugins/elementor/assets/css/animations.minba3a.css]
[localhost/mynewsite/wp-content/plugins/elementor/assets/images/ajax-loader.gif]
[localhost/mynewsite/wp-content/plugins/elementor/assets/css/frontend.minba3a.css]
[localhost/mynewsite/wp-content/uploads/elementor/css/globalfe34.css]
[localhost/mynewsite/index6233.html]
[localhost/mynewsite/login/index43c1.html]
[supsystic-42d7.kxcdn.com/_assets/popup/img/assets/2016_ht_1_snow1.html]
[supsystic-42d7.kxcdn.com/_assets/popup/img/assets/2016_ht_1_snow2.html]
[supsystic-42d7.kxcdn.com/_assets/popup/img/assets/2016_ht_1_snow3.html]
[localhost/mynewsite/indexbcd6.html]
[localhost/mynewsite/login/index2a12.html]
[localhost/mynewsite/index6905.html]
[localhost/mynewsite/login/index2a76.html]
[localhost/mynewsite/indexcfe8.html]
[localhost/mynewsite/login/index2008.html]
[localhost/mynewsite/indexd073.html]
[localhost/mynewsite/login/index3834.html]
[localhost/mynewsite/index424e.html]
[localhost/mynewsite/login/index6983.html]
[localhost/mynewsite/index30e4.html]
[localhost/mynewsite/login/indexa490.html]
[localhost/mynewsite/index08c1.html]
[localhost/mynewsite/login/index6fb2.html]
[localhost/mynewsite/index2d25.html]
[localhost/mynewsite/login/index7be1.html]
[localhost/mynewsite/index6c15.html]
[localhost/mynewsite/login/index8b8b.html]
[localhost/mynewsite/index0364.html]
[localhost/mynewsite/login/index7a06.html]
[localhost/mynewsite/login/index83a6.html]
[localhost/mynewsite/wp-content/plugins/elementor/assets/lib/eicons/fonts/eiconse9aa.html]
[localhost/mynewsite/wp-content/plugins/elementor/assets/lib/eicons/fonts/eiconse9aa.svg]
[localhost/mynewsite/wp-admin/&reauth=1.html]
